
> sentinel-bridge-watchdog@1.0.0 demo:normal C:\Users\nayan\OneDrive\Desktop\NJ_PROJ_2026\SentinelBridge
> hardhat run scripts/demo-normal.ts

[dotenv@17.3.1] injecting env (13) from .env.local -- tip: ≡ƒöÉ prevent building .env in docker: https://dotenvx.com/prebuild

ΓòöΓòÉΓòÉΓòÉΓòÉΓòÉΓòÉΓòÉΓòÉΓòÉΓòÉΓòÉΓòÉΓòÉΓòÉΓòÉΓòÉΓòÉΓòÉΓòÉΓòÉΓòÉΓòÉΓòÉΓòÉΓòÉΓòÉΓòÉΓòÉΓòÉΓòÉΓòÉΓòÉΓòÉΓòÉΓòÉΓòÉΓòÉΓòÉΓòÉΓòÉΓòÉΓòÉΓòÉΓòÉΓòÉΓòÉΓòÉΓòÉΓòù
Γòæ       [START] Normal Bridge Operation Demo     Γòæ
Γòæ       Healthy Monitoring & Operations          Γòæ
ΓòÜΓòÉΓòÉΓòÉΓòÉΓòÉΓòÉΓòÉΓòÉΓòÉΓòÉΓòÉΓòÉΓòÉΓòÉΓòÉΓòÉΓòÉΓòÉΓòÉΓòÉΓòÉΓòÉΓòÉΓòÉΓòÉΓòÉΓòÉΓòÉΓòÉΓòÉΓòÉΓòÉΓòÉΓòÉΓòÉΓòÉΓòÉΓòÉΓòÉΓòÉΓòÉΓòÉΓòÉΓòÉΓòÉΓòÉΓòÉΓòÉΓò¥

[INFO] Using contract: 0xCf7Ed3AccA5a467e9e704C703E8D87F634fB0Fc9

JsonRpcProvider failed to detect network and cannot start up; retry in 1s (perhaps the URL is wrong or the node is not started)
Error: connect ECONNREFUSED 127.0.0.1:8545
    at TCPConnectWrap.afterConnect [as oncomplete] (node:net:1637:16) {
  errno: -4078,
  code: 'ECONNREFUSED',
  syscall: 'connect',
  address: '127.0.0.1',
  port: 8545
}
JsonRpcProvider failed to detect network and cannot start up; retry in 1s (perhaps the URL is wrong or the node is not started)
JsonRpcProvider failed to detect network and cannot start up; retry in 1s (perhaps the URL is wrong or the node is not started)
JsonRpcProvider failed to detect network and cannot start up; retry in 1s (perhaps the URL is wrong or the node is not started)
JsonRpcProvider failed to detect network and cannot start up; retry in 1s (perhaps the URL is wrong or the node is not started)
JsonRpcProvider failed to detect network and cannot start up; retry in 1s (perhaps the URL is wrong or the node is not started)
JsonRpcProvider failed to detect network and cannot start up; retry in 1s (perhaps the URL is wrong or the node is not started)
JsonRpcProvider failed to detect network and cannot start up; retry in 1s (perhaps the URL is wrong or the node is not started)
JsonRpcProvider failed to detect network and cannot start up; retry in 1s (perhaps the URL is wrong or the node is not started)
JsonRpcProvider failed to detect network and cannot start up; retry in 1s (perhaps the URL is wrong or the node is not started)
JsonRpcProvider failed to detect network and cannot start up; retry in 1s (perhaps the URL is wrong or the node is not started)
JsonRpcProvider failed to detect network and cannot start up; retry in 1s (perhaps the URL is wrong or the node is not started)
JsonRpcProvider failed to detect network and cannot start up; retry in 1s (perhaps the URL is wrong or the node is not started)
JsonRpcProvider failed to detect network and cannot start up; retry in 1s (perhaps the URL is wrong or the node is not started)
JsonRpcProvider failed to detect network and cannot start up; retry in 1s (perhaps the URL is wrong or the node is not started)
JsonRpcProvider failed to detect network and cannot start up; retry in 1s (perhaps the URL is wrong or the node is not started)
JsonRpcProvider failed to detect network and cannot start up; retry in 1s (perhaps the URL is wrong or the node is not started)
JsonRpcProvider failed to detect network and cannot start up; retry in 1s (perhaps the URL is wrong or the node is not started)
JsonRpcProvider failed to detect network and cannot start up; retry in 1s (perhaps the URL is wrong or the node is not started)
JsonRpcProvider failed to detect network and cannot start up; retry in 1s (perhaps the URL is wrong or the node is not started)
JsonRpcProvider failed to detect network and cannot start up; retry in 1s (perhaps the URL is wrong or the node is not started)
JsonRpcProvider failed to detect network and cannot start up; retry in 1s (perhaps the URL is wrong or the node is not started)
JsonRpcProvider failed to detect network and cannot start up; retry in 1s (perhaps the URL is wrong or the node is not started)
JsonRpcProvider failed to detect network and cannot start up; retry in 1s (perhaps the URL is wrong or the node is not started)
JsonRpcProvider failed to detect network and cannot start up; retry in 1s (perhaps the URL is wrong or the node is not started)
JsonRpcProvider failed to detect network and cannot start up; retry in 1s (perhaps the URL is wrong or the node is not started)
JsonRpcProvider failed to detect network and cannot start up; retry in 1s (perhaps the URL is wrong or the node is not started)
JsonRpcProvider failed to detect network and cannot start up; retry in 1s (perhaps the URL is wrong or the node is not started)
JsonRpcProvider failed to detect network and cannot start up; retry in 1s (perhaps the URL is wrong or the node is not started)
JsonRpcProvider failed to detect network and cannot start up; retry in 1s (perhaps the URL is wrong or the node is not started)
JsonRpcProvider failed to detect network and cannot start up; retry in 1s (perhaps the URL is wrong or the node is not started)
JsonRpcProvider failed to detect network and cannot start up; retry in 1s (perhaps the URL is wrong or the node is not started)
JsonRpcProvider failed to detect network and cannot start up; retry in 1s (perhaps the URL is wrong or the node is not started)
JsonRpcProvider failed to detect network and cannot start up; retry in 1s (perhaps the URL is wrong or the node is not started)
ΓÇëELIFECYCLEΓÇë Command failed with exit code 1.
