
> sentinel-bridge-watchdog@1.0.0 build C:\Users\nayan\OneDrive\Desktop\NJ_PROJ_2026\SentinelBridge
> next build && tsc --project tsconfig.workflow.json

 ΓÜá Warning: Next.js inferred your workspace root, but it may not be correct.
 We detected multiple lockfiles and selected the directory of C:\Users\nayan\package-lock.json as the root directory.
 To silence this warning, set `outputFileTracingRoot` in your Next.js config, or consider removing one of the lockfiles if it's not needed.
   See https://nextjs.org/docs/app/api-reference/config/next-config-js/output#caveats for more information.
 Detected additional lockfiles: 
   * C:\Users\nayan\OneDrive\Desktop\NJ_PROJ_2026\SentinelBridge\pnpm-lock.yaml

   Γû▓ Next.js 15.5.12
   - Environments: .env.local, .env

   Creating an optimized production build ...
Found 1 warning while optimizing generated CSS:

Γöé   }
Γöé }
Γöé @import url('https://fonts.googleapis.com/css2?family=Inter:wght@300;400;500;600;700;800;900&display=swap');
Γöå        ^-- @import rules must precede all rules aside from @charset and @layer statements
Γöå
Γöé :root {
Γöé   --color-primary: 0 255 200;

 Γ£ô Compiled successfully in 11.5s
   Linting and checking validity of types ...
 Γ¿» ESLint: Plugin "react-hooks" was conflicted between ".eslintrc.json" and ".eslintrc.json ┬╗ eslint-config-next/core-web-vitals ┬╗ C:\Users\nayan\OneDrive\Desktop\NJ_PROJ_2026\SentinelBridge\node_modules\.pnpm\eslint-config-next@15.5.12_eslint@8.57.1_typescript@5.9.3\node_modules\eslint-config-next\index.js ┬╗ plugin:react-hooks/recommended".
   Collecting page data ...
   Generating static pages (0/13) ...
   Generating static pages (3/13) 
   Generating static pages (6/13) 
   Generating static pages (9/13) 
The width(-1) and height(-1) of chart should be greater than 0,
       please check the style of container, or the props width(100%) and height(100%),
       or add a minWidth(0) or minHeight(undefined) or use aspect(undefined) to control the
       height and width.
 Γ£ô Generating static pages (13/13)
   Finalizing page optimization ...
   Collecting build traces ...

Route (app)                                 Size  First Load JS
Γöî Γùï /                                     117 kB         463 kB
Γö£ Γùï /_not-found                            996 B         103 kB
Γö£ ╞Æ /api/demo/analyze                      140 B         102 kB
Γö£ ╞Æ /api/demo/bridge-state                 140 B         102 kB
Γö£ ╞Æ /api/demo/execute                      140 B         102 kB
Γö£ ╞Æ /api/demo/status                       140 B         102 kB
Γö£ ╞Æ /api/logs                              140 B         102 kB
Γö£ ╞Æ /api/pause                             140 B         102 kB
Γö£ ╞Æ /api/status                            140 B         102 kB
Γö£ Γùï /demo-controller                     19.9 kB         366 kB
Γöö Γùï /docs                                2.83 kB         105 kB
+ First Load JS shared by all             102 kB
  Γö£ chunks/657-dddfe28df0c9afb0.js       45.6 kB
  Γö£ chunks/6821f731-eb14f477759ac37a.js  54.2 kB
  Γöö other shared chunks (total)             2 kB


Γùï  (Static)   prerendered as static content
╞Æ  (Dynamic)  server-rendered on demand

