
> sentinel-bridge-watchdog@1.0.0 test C:\Users\nayan\OneDrive\Desktop\NJ_PROJ_2026\SentinelBridge
> jest

FAIL tests/workflow.test.ts
  SentinelBridge Risk Engine Tests
    evaluateRisk
      √ should return LOW risk for healthy snapshot (3 ms)
      √ should return CRITICAL risk when static threshold is exceeded (1 ms)
      × should return CRITICAL risk for extreme velocity (slow drain) (3 ms)
      × should return CRITICAL risk for extreme oracle drift (1 ms)
      √ should return CRITICAL risk for governance hijack
      √ should return CRITICAL risk for proof fraud (4 ms)

  ● SentinelBridge Risk Engine Tests › evaluateRisk › should return CRITICAL risk for extreme velocity (slow drain)

    expect(received).toBe(expected) // Object.is equality

    Expected: "CRITICAL"
    Received: "HIGH"

    [0m [90m 48 |[39m
     [90m 49 |[39m       expect(result[33m.[39mvelocityScore)[33m.[39mtoBe([35m100[39m)[33m;[39m
    [31m[1m>[22m[39m[90m 50 |[39m       expect(result[33m.[39mlevel)[33m.[39mtoBe([33mRiskLevel[39m[33m.[39m[33mCRITICAL[39m)[33m;[39m
     [90m    |[39m                            [31m[1m^[22m[39m
     [90m 51 |[39m     })[33m;[39m
     [90m 52 |[39m
     [90m 53 |[39m     it([32m"should return CRITICAL risk for extreme oracle drift"[39m[33m,[39m () [33m=>[39m {[0m

      at Object.<anonymous> (tests/workflow.test.ts:50:28)

  ● SentinelBridge Risk Engine Tests › evaluateRisk › should return CRITICAL risk for extreme oracle drift

    expect(received).toBe(expected) // Object.is equality

    Expected: "CRITICAL"
    Received: "LOW"

    [0m [90m 59 |[39m
     [90m 60 |[39m       expect(result[33m.[39moracleDriftScore)[33m.[39mtoBe([35m100[39m)[33m;[39m
    [31m[1m>[22m[39m[90m 61 |[39m       expect(result[33m.[39mlevel)[33m.[39mtoBe([33mRiskLevel[39m[33m.[39m[33mCRITICAL[39m)[33m;[39m
     [90m    |[39m                            [31m[1m^[22m[39m
     [90m 62 |[39m       expect(result[33m.[39maction)[33m.[39mtoBe([33mRiskAction[39m[33m.[39m[33mPAUSE[39m)[33m;[39m
     [90m 63 |[39m     })[33m;[39m
     [90m 64 |[39m[0m

      at Object.<anonymous> (tests/workflow.test.ts:61:28)

Test Suites: 1 failed, 1 total
Tests:       2 failed, 4 passed, 6 total
Snapshots:   0 total
Time:        0.815 s, estimated 1 s
Ran all test suites.
 ELIFECYCLE  Test failed. See above for more details.
